MSBuild version 18.7.8+1ac568fee for .NET Framework

  1>Checking Build System
  tinyxml2.cpp
  Animation.cpp
  Audio.cpp
C:\Sonic CD Remastered\SonicCD-Native\RSDKv3\Audio.cpp(193,26): warning C4267: '+=': conversion from 'size_t' to 'int', possible loss of data [C:\Sonic CD Remastered\SonicCD-Native\build\RetroEngine.vcxproj]
C:\Sonic CD Remastered\SonicCD-Native\RSDKv3\Audio.cpp(516,27): warning C4244: '*=': conversion from 'float' to 'Sint32', possible loss of data [C:\Sonic CD Remastered\SonicCD-Native\build\RetroEngine.vcxproj]
C:\Sonic CD Remastered\SonicCD-Native\RSDKv3\Audio.cpp(519,27): warning C4244: '*=': conversion from 'float' to 'Sint32', possible loss of data [C:\Sonic CD Remastered\SonicCD-Native\build\RetroEngine.vcxproj]
  Collision.cpp
  Debug.cpp
  Drawing.cpp
C:\Sonic CD Remastered\SonicCD-Native\RSDKv3\Drawing.cpp(409,38): warning C4305: '+=': truncation from 'double' to 'float' [C:\Sonic CD Remastered\SonicCD-Native\build\RetroEngine.vcxproj]
C:\Sonic CD Remastered\SonicCD-Native\RSDKv3\Drawing.cpp(415,34): warning C4305: '*=': truncation from 'double' to 'float' [C:\Sonic CD Remastered\SonicCD-Native\build\RetroEngine.vcxproj]
C:\Sonic CD Remastered\SonicCD-Native\RSDKv3\Drawing.cpp(451,27): warning C4244: 'initializing': conversion from 'int' to 'float', possible loss of data [C:\Sonic CD Remastered\SonicCD-Native\build\RetroEngine.vcxproj]
C:\Sonic CD Remastered\SonicCD-Native\RSDKv3\Drawing.cpp(485,137): warning C4244: 'argument': conversion from 'float' to 'int', possible loss of data [C:\Sonic CD Remastered\SonicCD-Native\build\RetroEngine.vcxproj]
C:\Sonic CD Remastered\SonicCD-Native\RSDKv3\Drawing.cpp(485,115): warning C4244: 'argument': conversion from 'float' to 'int', possible loss of data [C:\Sonic CD Remastered\SonicCD-Native\build\RetroEngine.vcxproj]
C:\Sonic CD Remastered\SonicCD-Native\RSDKv3\Drawing.cpp(494,48): warning C4244: '=': conversion from 'float' to 'int', possible loss of data [C:\Sonic CD Remastered\SonicCD-Native\build\RetroEngine.vcxproj]
C:\Sonic CD Remastered\SonicCD-Native\RSDKv3\Drawing.cpp(495,48): warning C4244: '=': conversion from 'float' to 'int', possible loss of data [C:\Sonic CD Remastered\SonicCD-Native\build\RetroEngine.vcxproj]
C:\Sonic CD Remastered\SonicCD-Native\RSDKv3\Drawing.cpp(496,48): warning C4244: '=': conversion from 'float' to 'int', possible loss of data [C:\Sonic CD Remastered\SonicCD-Native\build\RetroEngine.vcxproj]
C:\Sonic CD Remastered\SonicCD-Native\RSDKv3\Drawing.cpp(497,48): warning C4244: '=': conversion from 'float' to 'int', possible loss of data [C:\Sonic CD Remastered\SonicCD-Native\build\RetroEngine.vcxproj]
C:\Sonic CD Remastered\SonicCD-Native\RSDKv3\Drawing.cpp(581,67): warning C4244: 'argument': conversion from 'float' to 'Uint8', possible loss of data [C:\Sonic CD Remastered\SonicCD-Native\build\RetroEngine.vcxproj]
C:\Sonic CD Remastered\SonicCD-Native\RSDKv3\Drawing.cpp(594,67): warning C4244: 'argument': conversion from 'float' to 'Uint8', possible loss of data [C:\Sonic CD Remastered\SonicCD-Native\build\RetroEngine.vcxproj]
C:\Sonic CD Remastered\SonicCD-Native\RSDKv3\Drawing.cpp(648,75): warning C4244: 'argument': conversion from 'float' to 'int', possible loss of data [C:\Sonic CD Remastered\SonicCD-Native\build\RetroEngine.vcxproj]
C:\Sonic CD Remastered\SonicCD-Native\RSDKv3\Drawing.cpp(1085,21): warning C4244: 'initializing': conversion from 'int' to 'float', possible loss of data [C:\Sonic CD Remastered\SonicCD-Native\build\RetroEngine.vcxproj]
C:\Sonic CD Remastered\SonicCD-Native\RSDKv3\Drawing.cpp(1085,33): warning C4244: 'initializing': conversion from 'int' to 'float', possible loss of data [C:\Sonic CD Remastered\SonicCD-Native\build\RetroEngine.vcxproj]
C:\Sonic CD Remastered\SonicCD-Native\RSDKv3\Drawing.cpp(1097,24): warning C4244: '=': conversion from 'int' to 'float', possible loss of data [C:\Sonic CD Remastered\SonicCD-Native\build\RetroEngine.vcxproj]
C:\Sonic CD Remastered\SonicCD-Native\RSDKv3\Drawing.cpp(1100,21): warning C4244: '=': conversion from 'int' to 'float', possible loss of data [C:\Sonic CD Remastered\SonicCD-Native\build\RetroEngine.vcxproj]
C:\Sonic CD Remastered\SonicCD-Native\RSDKv3\Drawing.cpp(1106,46): warning C4244: '=': conversion from 'float' to 'int', possible loss of data [C:\Sonic CD Remastered\SonicCD-Native\build\RetroEngine.vcxproj]
C:\Sonic CD Remastered\SonicCD-Native\RSDKv3\Drawing.cpp(1109,45): warning C4244: '=': conversion from 'float' to 'int', possible loss of data [C:\Sonic CD Remastered\SonicCD-Native\build\RetroEngine.vcxproj]
C:\Sonic CD Remastered\SonicCD-Native\RSDKv3\Drawing.cpp(1118,64): warning C4244: 'argument': conversion from 'float' to 'int', possible loss of data [C:\Sonic CD Remastered\SonicCD-Native\build\RetroEngine.vcxproj]
C:\Sonic CD Remastered\SonicCD-Native\RSDKv3\Drawing.cpp(1118,57): warning C4244: 'argument': conversion from 'float' to 'int', possible loss of data [C:\Sonic CD Remastered\SonicCD-Native\build\RetroEngine.vcxproj]
C:\Sonic CD Remastered\SonicCD-Native\RSDKv3\Drawing.cpp(1171,47): warning C4244: '=': conversion from 'float' to 'short', possible loss of data [C:\Sonic CD Remastered\SonicCD-Native\build\RetroEngine.vcxproj]
C:\Sonic CD Remastered\SonicCD-Native\RSDKv3\Drawing.cpp(1172,47): warning C4244: '=': conversion from 'float' to 'short', possible loss of data [C:\Sonic CD Remastered\SonicCD-Native\build\RetroEngine.vcxproj]
C:\Sonic CD Remastered\SonicCD-Native\RSDKv3\Drawing.cpp(1177,47): warning C4244: '=': conversion from 'float' to 'short', possible loss of data [C:\Sonic CD Remastered\SonicCD-Native\build\RetroEngine.vcxproj]
C:\Sonic CD Remastered\SonicCD-Native\RSDKv3\Drawing.cpp(1178,47): warning C4244: '=': conversion from 'float' to 'short', possible loss of data [C:\Sonic CD Remastered\SonicCD-Native\build\RetroEngine.vcxproj]
C:\Sonic CD Remastered\SonicCD-Native\RSDKv3\Drawing.cpp(1182,47): warning C4244: '=': conversion from 'float' to 'short', possible loss of data [C:\Sonic CD Remastered\SonicCD-Native\build\RetroEngine.vcxproj]
C:\Sonic CD Remastered\SonicCD-Native\RSDKv3\Drawing.cpp(1187,47): warning C4244: '=': conversion from 'float' to 'short', possible loss of data [C:\Sonic CD Remastered\SonicCD-Native\build\RetroEngine.vcxproj]
C:\Sonic CD Remastered\SonicCD-Native\RSDKv3\Drawing.cpp(1188,47): warning C4244: '=': conversion from 'float' to 'short', possible loss of data [C:\Sonic CD Remastered\SonicCD-Native\build\RetroEngine.vcxproj]
C:\Sonic CD Remastered\SonicCD-Native\RSDKv3\Drawing.cpp(1191,47): warning C4244: '=': conversion from 'float' to 'short', possible loss of data [C:\Sonic CD Remastered\SonicCD-Native\build\RetroEngine.vcxproj]
C:\Sonic CD Remastered\SonicCD-Native\RSDKv3\Drawing.cpp(1197,47): warning C4244: '=': conversion from 'float' to 'short', possible loss of data [C:\Sonic CD Remastered\SonicCD-Native\build\RetroEngine.vcxproj]
C:\Sonic CD Remastered\SonicCD-Native\RSDKv3\Drawing.cpp(1198,47): warning C4244: '=': conversion from 'float' to 'short', possible loss of data [C:\Sonic CD Remastered\SonicCD-Native\build\RetroEngine.vcxproj]
C:\Sonic CD Remastered\SonicCD-Native\RSDKv3\Drawing.cpp(1207,47): warning C4244: '=': conversion from 'float' to 'short', possible loss of data [C:\Sonic CD Remastered\SonicCD-Native\build\RetroEngine.vcxproj]
C:\Sonic CD Remastered\SonicCD-Native\RSDKv3\Drawing.cpp(1208,47): warning C4244: '=': conversion from 'float' to 'short', possible loss of data [C:\Sonic CD Remastered\SonicCD-Native\build\RetroEngine.vcxproj]
C:\Sonic CD Remastered\SonicCD-Native\RSDKv3\Drawing.cpp(1404,44): warning C4244: '=': conversion from 'double' to 'short', possible loss of data [C:\Sonic CD Remastered\SonicCD-Native\build\RetroEngine.vcxproj]
C:\Sonic CD Remastered\SonicCD-Native\RSDKv3\Drawing.cpp(1409,44): warning C4244: '=': conversion from 'double' to 'short', possible loss of data [C:\Sonic CD Remastered\SonicCD-Native\build\RetroEngine.vcxproj]
C:\Sonic CD Remastered\SonicCD-Native\RSDKv3\Drawing.cpp(1446,36): warning C4244: '=': conversion from 'float' to 'int', possible loss of data [C:\Sonic CD Remastered\SonicCD-Native\build\RetroEngine.vcxproj]
C:\Sonic CD Remastered\SonicCD-Native\RSDKv3\Drawing.cpp(1450,34): warning C4244: '=': conversion from 'float' to 'int', possible loss of data [C:\Sonic CD Remastered\SonicCD-Native\build\RetroEngine.vcxproj]
C:\Sonic CD Remastered\SonicCD-Native\RSDKv3\Drawing.cpp(1458,13): warning C4244: 'initializing': conversion from 'double' to 'float', possible loss of data [C:\Sonic CD Remastered\SonicCD-Native\build\RetroEngine.vcxproj]
C:\Sonic CD Remastered\SonicCD-Native\RSDKv3\Drawing.cpp(1459,13): warning C4244: 'initializing': conversion from 'double' to 'float', possible loss of data [C:\Sonic CD Remastered\SonicCD-Native\build\RetroEngine.vcxproj]
C:\Sonic CD Remastered\SonicCD-Native\RSDKv3\Drawing.cpp(4158,66): warning C4244: '=': conversion from 'int' to 'float', possible loss of data [C:\Sonic CD Remastered\SonicCD-Native\build\RetroEngine.vcxproj]
C:\Sonic CD Remastered\SonicCD-Native\RSDKv3\Drawing.cpp(4160,66): warning C4244: '=': conversion from 'int' to 'float', possible loss of data [C:\Sonic CD Remastered\SonicCD-Native\build\RetroEngine.vcxproj]
C:\Sonic CD Remastered\SonicCD-Native\RSDKv3\Drawing.cpp(4171,78): warning C4244: '=': conversion from 'int' to 'float', possible loss of data [C:\Sonic CD Remastered\SonicCD-Native\build\RetroEngine.vcxproj]
C:\Sonic CD Remastered\SonicCD-Native\RSDKv3\Drawing.cpp(4185,85): warning C4244: '=': conversion from 'int' to 'float', possible loss of data [C:\Sonic CD Remastered\SonicCD-Native\build\RetroEngine.vcxproj]
C:\Sonic CD Remastered\SonicCD-Native\RSDKv3\Drawing.cpp(4209,78): warning C4244: '=': conversion from 'int' to 'float', possible loss of data [C:\Sonic CD Remastered\SonicCD-Native\build\RetroEngine.vcxproj]
C:\Sonic CD Remastered\SonicCD-Native\RSDKv3\Drawing.cpp(4211,66): warning C4244: '=': conversion from 'int' to 'float', possible loss of data [C:\Sonic CD Remastered\SonicCD-Native\build\RetroEngine.vcxproj]
C:\Sonic CD Remastered\SonicCD-Native\RSDKv3\Drawing.cpp(4222,66): warning C4244: '=': conversion from 'int' to 'float', possible loss of data [C:\Sonic CD Remastered\SonicCD-Native\build\RetroEngine.vcxproj]
C:\Sonic CD Remastered\SonicCD-Native\RSDKv3\Drawing.cpp(4236,85): warning C4244: '=': conversion from 'int' to 'float', possible loss of data [C:\Sonic CD Remastered\SonicCD-Native\build\RetroEngine.vcxproj]
C:\Sonic CD Remastered\SonicCD-Native\RSDKv3\Drawing.cpp(4260,66): warning C4244: '=': conversion from 'int' to 'float', possible loss of data [C:\Sonic CD Remastered\SonicCD-Native\build\RetroEngine.vcxproj]
C:\Sonic CD Remastered\SonicCD-Native\RSDKv3\Drawing.cpp(4262,78): warning C4244: '=': conversion from 'int' to 'float', possible loss of data [C:\Sonic CD Remastered\SonicCD-Native\build\RetroEngine.vcxproj]
C:\Sonic CD Remastered\SonicCD-Native\RSDKv3\Drawing.cpp(4273,78): warning C4244: '=': conversion from 'int' to 'float', possible loss of data [C:\Sonic CD Remastered\SonicCD-Native\build\RetroEngine.vcxproj]
C:\Sonic CD Remastered\SonicCD-Native\RSDKv3\Drawing.cpp(4287,73): warning C4244: '=': conversion from 'int' to 'float', possible loss of data [C:\Sonic CD Remastered\SonicCD-Native\build\RetroEngine.vcxproj]
C:\Sonic CD Remastered\SonicCD-Native\RSDKv3\Drawing.cpp(4311,78): warning C4244: '=': conversion from 'int' to 'float', possible loss of data [C:\Sonic CD Remastered\SonicCD-Native\build\RetroEngine.vcxproj]
C:\Sonic CD Remastered\SonicCD-Native\RSDKv3\Drawing.cpp(4313,78): warning C4244: '=': conversion from 'int' to 'float', possible loss of data [C:\Sonic CD Remastered\SonicCD-Native\build\RetroEngine.vcxproj]
C:\Sonic CD Remastered\SonicCD-Native\RSDKv3\Drawing.cpp(4324,66): warning C4244: '=': conversion from 'int' to 'float', possible loss of data [C:\Sonic CD Remastered\SonicCD-Native\build\RetroEngine.vcxproj]
C:\Sonic CD Remastered\SonicCD-Native\RSDKv3\Drawing.cpp(4338,73): warning C4244: '=': conversion from 'int' to 'float', possible loss of data [C:\Sonic CD Remastered\SonicCD-Native\build\RetroEngine.vcxproj]
C:\Sonic CD Remastered\SonicCD-Native\RSDKv3\Drawing.cpp(4391,66): warning C4244: '=': conversion from 'int' to 'float', possible loss of data [C:\Sonic CD Remastered\SonicCD-Native\build\RetroEngine.vcxproj]
C:\Sonic CD Remastered\SonicCD-Native\RSDKv3\Drawing.cpp(4393,66): warning C4244: '=': conversion from 'int' to 'float', possible loss of data [C:\Sonic CD Remastered\SonicCD-Native\build\RetroEngine.vcxproj]
C:\Sonic CD Remastered\SonicCD-Native\RSDKv3\Drawing.cpp(4404,78): warning C4244: '=': conversion from 'int' to 'float', possible loss of data [C:\Sonic CD Remastered\SonicCD-Native\build\RetroEngine.vcxproj]
C:\Sonic CD Remastered\SonicCD-Native\RSDKv3\Drawing.cpp(4418,85): warning C4244: '=': conversion from 'int' to 'float', possible loss of data [C:\Sonic CD Remastered\SonicCD-Native\build\RetroEngine.vcxproj]
C:\Sonic CD Remastered\SonicCD-Native\RSDKv3\Drawing.cpp(4442,78): warning C4244: '=': conversion from 'int' to 'float', possible loss of data [C:\Sonic CD Remastered\SonicCD-Native\build\RetroEngine.vcxproj]
C:\Sonic CD Remastered\SonicCD-Native\RSDKv3\Drawing.cpp(4444,66): warning C4244: '=': conversion from 'int' to 'float', possible loss of data [C:\Sonic CD Remastered\SonicCD-Native\build\RetroEngine.vcxproj]
C:\Sonic CD Remastered\SonicCD-Native\RSDKv3\Drawing.cpp(4455,66): warning C4244: '=': conversion from 'int' to 'float', possible loss of data [C:\Sonic CD Remastered\SonicCD-Native\build\RetroEngine.vcxproj]
C:\Sonic CD Remastered\SonicCD-Native\RSDKv3\Drawing.cpp(4469,85): warning C4244: '=': conversion from 'int' to 'float', possible loss of data [C:\Sonic CD Remastered\SonicCD-Native\build\RetroEngine.vcxproj]
C:\Sonic CD Remastered\SonicCD-Native\RSDKv3\Drawing.cpp(4493,66): warning C4244: '=': conversion from 'int' to 'float', possible loss of data [C:\Sonic CD Remastered\SonicCD-Native\build\RetroEngine.vcxproj]
C:\Sonic CD Remastered\SonicCD-Native\RSDKv3\Drawing.cpp(4495,78): warning C4244: '=': conversion from 'int' to 'float', possible loss of data [C:\Sonic CD Remastered\SonicCD-Native\build\RetroEngine.vcxproj]
C:\Sonic CD Remastered\SonicCD-Native\RSDKv3\Drawing.cpp(4506,78): warning C4244: '=': conversion from 'int' to 'float', possible loss of data [C:\Sonic CD Remastered\SonicCD-Native\build\RetroEngine.vcxproj]
C:\Sonic CD Remastered\SonicCD-Native\RSDKv3\Drawing.cpp(4520,73): warning C4244: '=': conversion from 'int' to 'float', possible loss of data [C:\Sonic CD Remastered\SonicCD-Native\build\RetroEngine.vcxproj]
C:\Sonic CD Remastered\SonicCD-Native\RSDKv3\Drawing.cpp(4544,78): warning C4244: '=': conversion from 'int' to 'float', possible loss of data [C:\Sonic CD Remastered\SonicCD-Native\build\RetroEngine.vcxproj]
C:\Sonic CD Remastered\SonicCD-Native\RSDKv3\Drawing.cpp(4546,78): warning C4244: '=': conversion from 'int' to 'float', possible loss of data [C:\Sonic CD Remastered\SonicCD-Native\build\RetroEngine.vcxproj]
C:\Sonic CD Remastered\SonicCD-Native\RSDKv3\Drawing.cpp(4557,66): warning C4244: '=': conversion from 'int' to 'float', possible loss of data [C:\Sonic CD Remastered\SonicCD-Native\build\RetroEngine.vcxproj]
C:\Sonic CD Remastered\SonicCD-Native\RSDKv3\Drawing.cpp(4571,73): warning C4244: '=': conversion from 'int' to 'float', possible loss of data [C:\Sonic CD Remastered\SonicCD-Native\build\RetroEngine.vcxproj]
  Ini.cpp
C:\Sonic CD Remastered\SonicCD-Native\RSDKv3\Ini.cpp(130,29): warning C4244: '=': conversion from 'double' to 'float', possible loss of data [C:\Sonic CD Remastered\SonicCD-Native\build\RetroEngine.vcxproj]
  Input.cpp
C:\Sonic CD Remastered\SonicCD-Native\RSDKv3\Input.cpp(154,25): warning C4305: 'initializing': truncation from 'double' to 'float' [C:\Sonic CD Remastered\SonicCD-Native\build\RetroEngine.vcxproj]
C:\Sonic CD Remastered\SonicCD-Native\RSDKv3\Input.cpp(155,25): warning C4305: 'initializing': truncation from 'double' to 'float' [C:\Sonic CD Remastered\SonicCD-Native\build\RetroEngine.vcxproj]
C:\Sonic CD Remastered\SonicCD-Native\RSDKv3\Input.cpp(156,25): warning C4305: 'initializing': truncation from 'double' to 'float' [C:\Sonic CD Remastered\SonicCD-Native\build\RetroEngine.vcxproj]
C:\Sonic CD Remastered\SonicCD-Native\RSDKv3\Input.cpp(157,25): warning C4305: 'initializing': truncation from 'double' to 'float' [C:\Sonic CD Remastered\SonicCD-Native\build\RetroEngine.vcxproj]
  main.cpp
  Math.cpp
C:\Sonic CD Remastered\SonicCD-Native\RSDKv3\Math.cpp(25,55): warning C4244: '=': conversion from 'double' to 'int', possible loss of data [C:\Sonic CD Remastered\SonicCD-Native\build\RetroEngine.vcxproj]
C:\Sonic CD Remastered\SonicCD-Native\RSDKv3\Math.cpp(26,55): warning C4244: '=': conversion from 'double' to 'int', possible loss of data [C:\Sonic CD Remastered\SonicCD-Native\build\RetroEngine.vcxproj]
C:\Sonic CD Remastered\SonicCD-Native\RSDKv3\Math.cpp(40,50): warning C4244: 'argument': conversion from 'double' to 'float', possible loss of data [C:\Sonic CD Remastered\SonicCD-Native\build\RetroEngine.vcxproj]
C:\Sonic CD Remastered\SonicCD-Native\RSDKv3\Math.cpp(40,58): warning C4244: '=': conversion from 'double' to 'int', possible loss of data [C:\Sonic CD Remastered\SonicCD-Native\build\RetroEngine.vcxproj]
C:\Sonic CD Remastered\SonicCD-Native\RSDKv3\Math.cpp(41,50): warning C4244: 'argument': conversion from 'double' to 'float', possible loss of data [C:\Sonic CD Remastered\SonicCD-Native\build\RetroEngine.vcxproj]
C:\Sonic CD Remastered\SonicCD-Native\RSDKv3\Math.cpp(41,58): warning C4244: '=': conversion from 'double' to 'int', possible loss of data [C:\Sonic CD Remastered\SonicCD-Native\build\RetroEngine.vcxproj]
C:\Sonic CD Remastered\SonicCD-Native\RSDKv3\Math.cpp(62,37): warning C4244: 'argument': conversion from 'int' to 'float', possible loss of data [C:\Sonic CD Remastered\SonicCD-Native\build\RetroEngine.vcxproj]
C:\Sonic CD Remastered\SonicCD-Native\RSDKv3\Math.cpp(62,34): warning C4244: 'argument': conversion from 'int' to 'float', possible loss of data [C:\Sonic CD Remastered\SonicCD-Native\build\RetroEngine.vcxproj]
C:\Sonic CD Remastered\SonicCD-Native\RSDKv3\Math.cpp(63,34): warning C4244: '=': conversion from 'float' to 'byte', possible loss of data [C:\Sonic CD Remastered\SonicCD-Native\build\RetroEngine.vcxproj]
  ModAPI.cpp
  Object.cpp
  Palette.cpp
  Player.cpp
  Reader.cpp
  RetroEngine.cpp
C:\Sonic CD Remastered\SonicCD-Native\RSDKv3\RetroEngine.cpp(85,101): warning C4244: '=': conversion from 'float' to 'int', possible loss of data [C:\Sonic CD Remastered\SonicCD-Native\build\RetroEngine.vcxproj]
C:\Sonic CD Remastered\SonicCD-Native\RSDKv3\RetroEngine.cpp(86,102): warning C4244: '=': conversion from 'float' to 'int', possible loss of data [C:\Sonic CD Remastered\SonicCD-Native\build\RetroEngine.vcxproj]
C:\Sonic CD Remastered\SonicCD-Native\RSDKv3\RetroEngine.cpp(121,56): warning C4244: '=': conversion from 'float' to 'int', possible loss of data [C:\Sonic CD Remastered\SonicCD-Native\build\RetroEngine.vcxproj]
C:\Sonic CD Remastered\SonicCD-Native\RSDKv3\RetroEngine.cpp(122,56): warning C4244: '=': conversion from 'float' to 'int', possible loss of data [C:\Sonic CD Remastered\SonicCD-Native\build\RetroEngine.vcxproj]
  Scene.cpp
  Scene3D.cpp
  Script.cpp
C:\Sonic CD Remastered\SonicCD-Native\RSDKv3\Script.cpp(1498,19): warning C4244: '=': conversion from 'double' to 'int', possible loss of data [C:\Sonic CD Remastered\SonicCD-Native\build\RetroEngine.vcxproj]
  Sprite.cpp
C:\Sonic CD Remastered\SonicCD-Native\RSDKv3\Sprite.cpp(78,33): warning C4554: '|': check operator precedence for possible error; use parentheses to clarify precedence [C:\Sonic CD Remastered\SonicCD-Native\build\RetroEngine.vcxproj]
C:\Sonic CD Remastered\SonicCD-Native\RSDKv3\Sprite.cpp(100,35): warning C4554: '|': check operator precedence for possible error; use parentheses to clarify precedence [C:\Sonic CD Remastered\SonicCD-Native\build\RetroEngine.vcxproj]
C:\Sonic CD Remastered\SonicCD-Native\RSDKv3\Sprite.cpp(120,42): warning C4554: '|': check operator precedence for possible error; use parentheses to clarify precedence [C:\Sonic CD Remastered\SonicCD-Native\build\RetroEngine.vcxproj]
C:\Sonic CD Remastered\SonicCD-Native\RSDKv3\Sprite.cpp(129,50): warning C4554: '|': check operator precedence for possible error; use parentheses to clarify precedence [C:\Sonic CD Remastered\SonicCD-Native\build\RetroEngine.vcxproj]
  Generating Code...
  Compiling...
  String.cpp
  Text.cpp
  Userdata.cpp
C:\Sonic CD Remastered\SonicCD-Native\RSDKv3\Userdata.cpp(404,74): warning C4305: '=': truncation from 'double' to 'float' [C:\Sonic CD Remastered\SonicCD-Native\build\RetroEngine.vcxproj]
C:\Sonic CD Remastered\SonicCD-Native\RSDKv3\Userdata.cpp(405,74): warning C4305: '=': truncation from 'double' to 'float' [C:\Sonic CD Remastered\SonicCD-Native\build\RetroEngine.vcxproj]
C:\Sonic CD Remastered\SonicCD-Native\RSDKv3\Userdata.cpp(406,78): warning C4305: '=': truncation from 'double' to 'float' [C:\Sonic CD Remastered\SonicCD-Native\build\RetroEngine.vcxproj]
C:\Sonic CD Remastered\SonicCD-Native\RSDKv3\Userdata.cpp(407,78): warning C4305: '=': truncation from 'double' to 'float' [C:\Sonic CD Remastered\SonicCD-Native\build\RetroEngine.vcxproj]
C:\Sonic CD Remastered\SonicCD-Native\RSDKv3\Userdata.cpp(526,24): warning C4244: '=': conversion from 'float' to 'int', possible loss of data [C:\Sonic CD Remastered\SonicCD-Native\build\RetroEngine.vcxproj]
C:\Sonic CD Remastered\SonicCD-Native\RSDKv3\Userdata.cpp(527,24): warning C4244: '=': conversion from 'float' to 'int', possible loss of data [C:\Sonic CD Remastered\SonicCD-Native\build\RetroEngine.vcxproj]
C:\Sonic CD Remastered\SonicCD-Native\RSDKv3\Userdata.cpp(575,31): warning C4305: '=': truncation from 'double' to 'float' [C:\Sonic CD Remastered\SonicCD-Native\build\RetroEngine.vcxproj]
C:\Sonic CD Remastered\SonicCD-Native\RSDKv3\Userdata.cpp(577,31): warning C4305: '=': truncation from 'double' to 'float' [C:\Sonic CD Remastered\SonicCD-Native\build\RetroEngine.vcxproj]
C:\Sonic CD Remastered\SonicCD-Native\RSDKv3\Userdata.cpp(579,33): warning C4305: '=': truncation from 'double' to 'float' [C:\Sonic CD Remastered\SonicCD-Native\build\RetroEngine.vcxproj]
C:\Sonic CD Remastered\SonicCD-Native\RSDKv3\Userdata.cpp(581,33): warning C4305: '=': truncation from 'double' to 'float' [C:\Sonic CD Remastered\SonicCD-Native\build\RetroEngine.vcxproj]
  Video.cpp
C:\Sonic CD Remastered\SonicCD-Native\RSDKv3\Video.cpp(234,65): warning C4018: '>=': signed/unsigned mismatch [C:\Sonic CD Remastered\SonicCD-Native\build\RetroEngine.vcxproj]
C:\Sonic CD Remastered\SonicCD-Native\RSDKv3\Video.cpp(245,58): warning C4018: '<': signed/unsigned mismatch [C:\Sonic CD Remastered\SonicCD-Native\build\RetroEngine.vcxproj]
  NativeObject.cpp
  O_RedSpring.cpp
C:\Sonic CD Remastered\SonicCD-Native\RSDKv3\Native\O_RedSpring.cpp(83,38): warning C4805: '==': unsafe mix of type 'int' and type 'bool' in operation [C:\Sonic CD Remastered\SonicCD-Native\build\RetroEngine.vcxproj]
C:\Sonic CD Remastered\SonicCD-Native\RSDKv3\Native\O_RedSpring.cpp(89,38): warning C4805: '==': unsafe mix of type 'int' and type 'bool' in operation [C:\Sonic CD Remastered\SonicCD-Native\build\RetroEngine.vcxproj]
C:\Sonic CD Remastered\SonicCD-Native\RSDKv3\Native\O_RedSpring.cpp(98,118): warning C4805: '==': unsafe mix of type 'int' and type 'bool' in operation [C:\Sonic CD Remastered\SonicCD-Native\build\RetroEngine.vcxproj]
C:\Sonic CD Remastered\SonicCD-Native\RSDKv3\Native\O_RedSpring.cpp(101,38): warning C4805: '==': unsafe mix of type 'int' and type 'bool' in operation [C:\Sonic CD Remastered\SonicCD-Native\build\RetroEngine.vcxproj]
C:\Sonic CD Remastered\SonicCD-Native\RSDKv3\Native\O_RedSpring.cpp(119,38): warning C4805: '==': unsafe mix of type 'int' and type 'bool' in operation [C:\Sonic CD Remastered\SonicCD-Native\build\RetroEngine.vcxproj]
C:\Sonic CD Remastered\SonicCD-Native\RSDKv3\Native\O_RedSpring.cpp(129,71): warning C4805: '==': unsafe mix of type 'int' and type 'bool' in operation [C:\Sonic CD Remastered\SonicCD-Native\build\RetroEngine.vcxproj]
C:\Sonic CD Remastered\SonicCD-Native\RSDKv3\Native\O_RedSpring.cpp(131,38): warning C4805: '==': unsafe mix of type 'int' and type 'bool' in operation [C:\Sonic CD Remastered\SonicCD-Native\build\RetroEngine.vcxproj]
C:\Sonic CD Remastered\SonicCD-Native\RSDKv3\Native\O_RedSpring.cpp(148,34): warning C4805: '==': unsafe mix of type 'int' and type 'bool' in operation [C:\Sonic CD Remastered\SonicCD-Native\build\RetroEngine.vcxproj]
C:\Sonic CD Remastered\SonicCD-Native\RSDKv3\Native\O_RedSpring.cpp(169,71): warning C4805: '==': unsafe mix of type 'int' and type 'bool' in operation [C:\Sonic CD Remastered\SonicCD-Native\build\RetroEngine.vcxproj]
C:\Sonic CD Remastered\SonicCD-Native\RSDKv3\Native\O_RedSpring.cpp(180,60): warning C4805: '==': unsafe mix of type 'int' and type 'bool' in operation [C:\Sonic CD Remastered\SonicCD-Native\build\RetroEngine.vcxproj]
C:\Sonic CD Remastered\SonicCD-Native\RSDKv3\Native\O_RedSpring.cpp(197,60): warning C4805: '==': unsafe mix of type 'int' and type 'bool' in operation [C:\Sonic CD Remastered\SonicCD-Native\build\RetroEngine.vcxproj]
C:\Sonic CD Remastered\SonicCD-Native\RSDKv3\Native\O_RedSpring.cpp(208,71): warning C4805: '==': unsafe mix of type 'int' and type 'bool' in operation [C:\Sonic CD Remastered\SonicCD-Native\build\RetroEngine.vcxproj]
C:\Sonic CD Remastered\SonicCD-Native\RSDKv3\Native\O_RedSpring.cpp(224,34): warning C4805: '==': unsafe mix of type 'int' and type 'bool' in operation [C:\Sonic CD Remastered\SonicCD-Native\build\RetroEngine.vcxproj]
C:\Sonic CD Remastered\SonicCD-Native\RSDKv3\Native\O_RedSpring.cpp(238,34): warning C4805: '==': unsafe mix of type 'int' and type 'bool' in operation [C:\Sonic CD Remastered\SonicCD-Native\build\RetroEngine.vcxproj]
  O_Player.cpp
C:\Sonic CD Remastered\SonicCD-Native\RSDKv3\Native\O_Player.cpp(240,20): warning C4805: '==': unsafe mix of type 'byte' and type 'bool' in operation [C:\Sonic CD Remastered\SonicCD-Native\build\RetroEngine.vcxproj]
C:\Sonic CD Remastered\SonicCD-Native\RSDKv3\Native\O_Player.cpp(266,21): warning C4805: '==': unsafe mix of type 'byte' and type 'bool' in operation [C:\Sonic CD Remastered\SonicCD-Native\build\RetroEngine.vcxproj]
C:\Sonic CD Remastered\SonicCD-Native\RSDKv3\Native\O_Player.cpp(335,25): warning C4805: '==': unsafe mix of type 'byte' and type 'bool' in operation [C:\Sonic CD Remastered\SonicCD-Native\build\RetroEngine.vcxproj]
C:\Sonic CD Remastered\SonicCD-Native\RSDKv3\Native\O_Player.cpp(344,28): warning C4805: '==': unsafe mix of type 'byte' and type 'bool' in operation [C:\Sonic CD Remastered\SonicCD-Native\build\RetroEngine.vcxproj]
C:\Sonic CD Remastered\SonicCD-Native\RSDKv3\Native\O_Player.cpp(372,24): warning C4805: '==': unsafe mix of type 'byte' and type 'bool' in operation [C:\Sonic CD Remastered\SonicCD-Native\build\RetroEngine.vcxproj]
C:\Sonic CD Remastered\SonicCD-Native\RSDKv3\Native\O_Player.cpp(377,25): warning C4805: '==': unsafe mix of type 'byte' and type 'bool' in operation [C:\Sonic CD Remastered\SonicCD-Native\build\RetroEngine.vcxproj]
C:\Sonic CD Remastered\SonicCD-Native\RSDKv3\Native\O_Player.cpp(382,25): warning C4805: '==': unsafe mix of type 'byte' and type 'bool' in operation [C:\Sonic CD Remastered\SonicCD-Native\build\RetroEngine.vcxproj]
C:\Sonic CD Remastered\SonicCD-Native\RSDKv3\Native\O_Player.cpp(387,26): warning C4805: '==': unsafe mix of type 'byte' and type 'bool' in operation [C:\Sonic CD Remastered\SonicCD-Native\build\RetroEngine.vcxproj]
C:\Sonic CD Remastered\SonicCD-Native\RSDKv3\Native\O_Player.cpp(392,64): warning C4805: '==': unsafe mix of type 'int' and type 'bool' in operation [C:\Sonic CD Remastered\SonicCD-Native\build\RetroEngine.vcxproj]
C:\Sonic CD Remastered\SonicCD-Native\RSDKv3\Native\O_Player.cpp(393,24): warning C4805: '==': unsafe mix of type 'byte' and type 'bool' in operation [C:\Sonic CD Remastered\SonicCD-Native\build\RetroEngine.vcxproj]
C:\Sonic CD Remastered\SonicCD-Native\RSDKv3\Native\O_Player.cpp(398,25): warning C4805: '==': unsafe mix of type 'byte' and type 'bool' in operation [C:\Sonic CD Remastered\SonicCD-Native\build\RetroEngine.vcxproj]
C:\Sonic CD Remastered\SonicCD-Native\RSDKv3\Native\O_Player.cpp(412,21): warning C4805: '==': unsafe mix of type 'byte' and type 'bool' in operation [C:\Sonic CD Remastered\SonicCD-Native\build\RetroEngine.vcxproj]
C:\Sonic CD Remastered\SonicCD-Native\RSDKv3\Native\O_Player.cpp(416,20): warning C4805: '==': unsafe mix of type 'byte' and type 'bool' in operation [C:\Sonic CD Remastered\SonicCD-Native\build\RetroEngine.vcxproj]
C:\Sonic CD Remastered\SonicCD-Native\RSDKv3\Native\O_Player.cpp(648,25): warning C4805: '==': unsafe mix of type 'byte' and type 'bool' in operation [C:\Sonic CD Remastered\SonicCD-Native\build\RetroEngine.vcxproj]
C:\Sonic CD Remastered\SonicCD-Native\RSDKv3\Native\O_Player.cpp(652,22): warning C4805: '==': unsafe mix of type 'byte' and type 'bool' in operation [C:\Sonic CD Remastered\SonicCD-Native\build\RetroEngine.vcxproj]
C:\Sonic CD Remastered\SonicCD-Native\RSDKv3\Native\O_Player.cpp(662,24): warning C4805: '==': unsafe mix of type 'byte' and type 'bool' in operation [C:\Sonic CD Remastered\SonicCD-Native\build\RetroEngine.vcxproj]
C:\Sonic CD Remastered\SonicCD-Native\RSDKv3\Native\O_Player.cpp(788,29): warning C4805: '==': unsafe mix of type 'byte' and type 'bool' in operation [C:\Sonic CD Remastered\SonicCD-Native\build\RetroEngine.vcxproj]
C:\Sonic CD Remastered\SonicCD-Native\RSDKv3\Native\O_Player.cpp(812,34): warning C4805: '==': unsafe mix of type 'byte' and type 'bool' in operation [C:\Sonic CD Remastered\SonicCD-Native\build\RetroEngine.vcxproj]
C:\Sonic CD Remastered\SonicCD-Native\RSDKv3\Native\O_Player.cpp(837,34): warning C4805: '==': unsafe mix of type 'byte' and type 'bool' in operation [C:\Sonic CD Remastered\SonicCD-Native\build\RetroEngine.vcxproj]
  Generating Code...
  theoraplay.c
  fcaseopen.c
C:\Sonic CD Remastered\SonicCD-Native\RSDKv3\fcaseopen.c(124,5): warning C4013: 'chdir' undefined; assuming extern returning int [C:\Sonic CD Remastered\SonicCD-Native\build\RetroEngine.vcxproj]
  Generating Code...
  RetroEngine.vcxproj -> C:\Sonic CD Remastered\SonicCD-Native\build\Release\RSDKv3.exe
  C:/Sonic CD Remastered/SonicCD-Native/build/Release/RSDKv3.exe: message: deploying dependencies
  C:\vcpkg\installed\x64-windows\bin\theora.dll -> C:\Sonic CD Remastered\SonicCD-Native\build\Release\theora.dll done
  C:/Sonic CD Remastered/SonicCD-Native/build/Release\theora.dll: message: deploying dependencies
  C:\vcpkg\installed\x64-windows\bin\ogg.dll -> C:\Sonic CD Remastered\SonicCD-Native\build\Release\ogg.dll done
  C:/Sonic CD Remastered/SonicCD-Native/build/Release\ogg.dll: message: deploying dependencies
  C:\vcpkg\installed\x64-windows\bin\vorbisfile.dll -> C:\Sonic CD Remastered\SonicCD-Native\build\Release\vorbisfile.dll done
  C:/Sonic CD Remastered/SonicCD-Native/build/Release\vorbisfile.dll: message: deploying dependencies
  C:\vcpkg\installed\x64-windows\bin\vorbis.dll -> C:\Sonic CD Remastered\SonicCD-Native\build\Release\vorbis.dll done
  C:/Sonic CD Remastered/SonicCD-Native/build/Release\vorbis.dll: message: deploying dependencies
  C:\vcpkg\installed\x64-windows\bin\SDL2.dll -> C:\Sonic CD Remastered\SonicCD-Native\build\Release\SDL2.dll done
  C:/Sonic CD Remastered/SonicCD-Native/build/Release\SDL2.dll: message: deploying dependencies
  Building Custom Rule C:/Sonic CD Remastered/SonicCD-Native/CMakeLists.txt
